 ______             _                                              
(_____ \        _  | |                                             
 _____) )   _ _| |_| |__   ___  ____                               
|  ____/ | | (_   _)  _ \ / _ \|  _ \                              
| |    | |_| | | |_| | | | |_| | | | |                             
|_|     \__  |  \__)_| |_|\___/|_| |_|                             
       (____/                                                      
 _______                               _       _                   
(_______)          _                  | |     (_)                  
    _ _____  ___ _| |_    _____     __| | ____ _ _   _ _____ ____  
   | | ___ |/___|_   _)  (_____)   / _  |/ ___) | | | | ___ |  _ \ 
   | | ____|___ | | |_            ( (_| | |   | |\ V /| ____| | | |
   |_|_____|___/   \__)            \____|_|   |_| \_/ |_____)_| |_|
                                                                   

>>> add_integer = __import__("0-add_integer").add_integer

=-=-=-=-=-=-=-=-=-=-=-=-=-=-=-=-=-=-=-=-=-=-=-=-=-=-=-=-=-=--=-=-=--=-=-=--=-=-=--=-=-=--=-=-=-
  ______                                                            
 / _____)                                                           
( (____  _   _  ____ ____ _____  ___     ____ _____  ___ _____  ___ 
 \____ \| | | |/ ___) ___) ___ |/___)   / ___|____ |/___) ___ |/___)
 _____) ) |_| ( (__( (___| ____|___ |  ( (___/ ___ |___ | ____|___ |
(______/|____/ \____)____)_____|___/    \____)_____(___/|_____|___/ 
                                                                    
                                                                                             
=-=-=-=-=-=-=-=-=-=-=-=-=-=-=-=-=-=-=-=-=-=-=-=-=-=-=-=-=-=--=-=-=--=-=-=--=-=-=--=-=-=--=-=-=-


>>> add_integer(8, 7)
15

>>> add_integer(10)
108

>>> add_integer(7.6, 3.9)
10

>>> add_integer(0, 3)
3

>>> add_integer(3, 0)
3

>>> add_integer(0)
98

>>> add_integer(-10, 11)
1

>>> add_integer(-2, -3)
-5

>>> add_integer((1.5), 2)
3

=-=-=-=-=-=-=-=-=-=-=-=-=-=-=-=-=-=-=-=-=-=-=-=-=-=-=-=-=-=--=-=-=--=-=-=--=-=-=--=-=-=-

 _______     _ _            _                                
(_______)   (_) |          | |                               
 _____ _____ _| | _____  __| |    ____ _____  ___ _____  ___ 
|  ___|____ | | || ___ |/ _  |   / ___|____ |/___) ___ |/___)
| |   / ___ | | || ____( (_| |  ( (___/ ___ |___ | ____|___ |
|_|   \_____|_|\_)_____)\____|   \____)_____(___/|_____|___/ 
                                                             
                                                                                       
=-=-=-=-=-=-=-=-=-=-=-=-=-=-=-=-=-=-=-=-=-=-=-=-=-=-=-=-=-=--=-=-=--=-=-=--=-=-=--=-=-=-

>>> add_integer("Friday", 13)
Traceback (most recent call last):
...
TypeError: a must be an integer

>>> add_integer(4, "Yara!")
Traceback (most recent call last):
...
TypeError: b must be an integer

>>> add_integer(4, 8, -1)
Traceback (most recent call last):
...
TypeError: add_integer() takes from 1 to 2 positional arguments but 3 were given

>>> add_integer(None)
Traceback (most recent call last):
...
TypeError: a must be an integer

>>> add_integer(None, 80)
Traceback (most recent call last):
...
TypeError: a must be an integer

>>> add_integer(80, None)
Traceback (most recent call last):
...
TypeError: b must be an integer

>>> add_integer(1, float('nan'))
Traceback (most recent call last):
...
ValueError: cannot convert float NaN to integer

>>> add_integer(float('inf'), 98)
Traceback (most recent call last):
...
89

>>> add_integer(-float('inf'), 98)
Traceback (most recent call last):
...
89


>>> add_integer("6", 5)
Traceback (most recent call last):
...
TypeError: a must be an integer

>>> add_integer((1,5) , 2)
Traceback (most recent call last):
...
TypeError: a must be an integer

>>> add_integer()
Traceback (most recent call last):
...
TypeError: add_integer() missing 1 required positional argument: 'a'
