 ______             _                                              
(_____ \        _  | |                                             
 _____) )   _ _| |_| |__   ___  ____                               
|  ____/ | | (_   _)  _ \ / _ \|  _ \                              
| |    | |_| | | |_| | | | |_| | | | |                             
|_|     \__  |  \__)_| |_|\___/|_| |_|                             
       (____/                                                      
 _______                               _       _                   
(_______)          _                  | |     (_)                  
    _ _____  ___ _| |_    _____     __| | ____ _ _   _ _____ ____  
   | | ___ |/___|_   _)  (_____)   / _  |/ ___) | | | | ___ |  _ \ 
   | | ____|___ | | |_            ( (_| | |   | |\ V /| ____| | | |
   |_|_____|___/   \__)            \____|_|   |_| \_/ |_____)_| |_|
                                                                   

>>> print_square = __import__("4-print_square").print_square

=-=-=-=-=-=-=-=-=-=-=-=-=-=-=-=-=-=-=-=-=-=-=-=-=-=-=-=-=-=--=-=-=--=-=-=--=-=-=--=-=-=--=-=-=-
  ______                                                            
 / _____)                                                           
( (____  _   _  ____ ____ _____  ___     ____ _____  ___ _____  ___ 
 \____ \| | | |/ ___) ___) ___ |/___)   / ___|____ |/___) ___ |/___)
 _____) ) |_| ( (__( (___| ____|___ |  ( (___/ ___ |___ | ____|___ |
(______/|____/ \____)____)_____|___/    \____)_____(___/|_____|___/ 
                                                                    
                                                                                             
=-=-=-=-=-=-=-=-=-=-=-=-=-=-=-=-=-=-=-=-=-=-=-=-=-=-=-=-=-=--=-=-=--=-=-=--=-=-=--=-=-=--=-=-=-
>>> print_square(4)
####
####
####
####

>>> print_square(0)

>>> print_square(1)
#

=-=-=-=-=-=-=-=-=-=-=-=-=-=-=-=-=-=-=-=-=-=-=-=-=-=-=-=-=-=--=-=-=--=-=-=--=-=-=--=-=-=-
 _______     _ _            _                                
(_______)   (_) |          | |                               
 _____ _____ _| | _____  __| |    ____ _____  ___ _____  ___ 
|  ___|____ | | || ___ |/ _  |   / ___|____ |/___) ___ |/___)
| |   / ___ | | || ____( (_| |  ( (___/ ___ |___ | ____|___ |
|_|   \_____|_|\_)_____)\____|   \____)_____(___/|_____|___/ 
                                                             
                                                                                       
=-=-=-=-=-=-=-=-=-=-=-=-=-=-=-=-=-=-=-=-=-=-=-=-=-=-=-=-=-=--=-=-=--=-=-=--=-=-=--=-=-=-



>>> print_square(-1)
Traceback (most recent call last):
...
ValueError: size must be >= 0

>>> print_square('a')
Traceback (most recent call last):
...
TypeError: size must be an integer

>>> print_square(1, 2)
Traceback (most recent call last):
...
TypeError: print_square() takes 1 positional argument but 2 were given

